Archive member included to satisfy reference by file (symbol)

c:/program files/microchip/xc8/v2.36/avr/bin/../lib/gcc/avr/5.4.0/avr6/memx-const\libgcc.a(_divmodhi4.o)
                              lcd.o (__divmodhi4)
c:/program files/microchip/xc8/v2.36/avr/bin/../lib/gcc/avr/5.4.0/avr6/memx-const\libgcc.a(_copy_data.o)
                              lcd.o (__do_clear_bss)
c:/program files/microchip/xc8/v2.36/avr/bin/../lib/gcc/avr/5.4.0/avr6/memx-const\libgcc.a(_umulhisi3.o)
                              lcd.o (__umulhisi3)
c:/program files/microchip/xc8/v2.36/avr/bin/../lib/gcc/avr/5.4.0/avr6/memx-const\libgcc.a(_udivmodhi4.o)
                              c:/program files/microchip/xc8/v2.36/avr/bin/../lib/gcc/avr/5.4.0/avr6/memx-const\libgcc.a(_divmodhi4.o) (__udivmodhi4)
c:/program files/microchip/xc8/v2.36/avr/bin/../lib/gcc/avr/5.4.0/../../../../avr/lib/avr6/memx-const\libc.a(exit.o)
                              C:/Program Files/Microchip/xc8/v2.36/dfp/xc8/avr/lib/avr6/memx-const/crtatmega2560.o (exit)
c:/program files/microchip/xc8/v2.36/avr/bin/../lib/gcc/avr/5.4.0/../../../../avr/lib/avr6/memx-const\libc.a(_Exit.o)
                              c:/program files/microchip/xc8/v2.36/avr/bin/../lib/gcc/avr/5.4.0/../../../../avr/lib/avr6/memx-const\libc.a(exit.o) (_Exit)
c:/program files/microchip/xc8/v2.36/avr/bin/../lib/gcc/avr/5.4.0/avr6/memx-const\libgcc.a(_exit.o)
                              c:/program files/microchip/xc8/v2.36/avr/bin/../lib/gcc/avr/5.4.0/../../../../avr/lib/avr6/memx-const\libc.a(_Exit.o) (_exit)

Allocating common symbols
Common symbol       size              file

million             0x2               lcd.o
temp                0x2               lcd.o
tens                0x2               lcd.o
hundred             0x2               lcd.o
unit                0x2               lcd.o
thousand            0x2               lcd.o

Discarded input sections

 .data          0x0000000000000000        0x0 C:/Program Files/Microchip/xc8/v2.36/dfp/xc8/avr/lib/avr6/memx-const/crtatmega2560.o
 .bss           0x0000000000000000        0x0 C:/Program Files/Microchip/xc8/v2.36/dfp/xc8/avr/lib/avr6/memx-const/crtatmega2560.o
 .text          0x0000000000000000        0x0 lcd.o
 .data          0x0000000000000000        0x0 lcd.o
 .bss           0x0000000000000000        0x0 lcd.o
 .text.lcd_clear
                0x0000000000000000        0x8 lcd.o
 .text          0x0000000000000000        0x0 main.o
 .data          0x0000000000000000        0x0 main.o
 .bss           0x0000000000000000        0x0 main.o
 .text.motion_set
                0x0000000000000000        0xc main.o
 .text.forward  0x0000000000000000        0x8 main.o
 .text.back     0x0000000000000000        0x8 main.o
 .text.left     0x0000000000000000        0x8 main.o
 .text.right    0x0000000000000000        0x8 main.o
 .text.soft_left
                0x0000000000000000        0x8 main.o
 .text.soft_right
                0x0000000000000000        0x8 main.o
 .text.soft_left_2
                0x0000000000000000        0x8 main.o
 .text.soft_right_2
                0x0000000000000000        0x8 main.o
 .text.stop     0x0000000000000000        0x8 main.o
 .text          0x0000000000000000        0x0 c:/program files/microchip/xc8/v2.36/avr/bin/../lib/gcc/avr/5.4.0/avr6/memx-const\libgcc.a(_divmodhi4.o)
 .data          0x0000000000000000        0x0 c:/program files/microchip/xc8/v2.36/avr/bin/../lib/gcc/avr/5.4.0/avr6/memx-const\libgcc.a(_divmodhi4.o)
 .bss           0x0000000000000000        0x0 c:/program files/microchip/xc8/v2.36/avr/bin/../lib/gcc/avr/5.4.0/avr6/memx-const\libgcc.a(_divmodhi4.o)
 .text.libgcc.mul
                0x0000000000000000        0x0 c:/program files/microchip/xc8/v2.36/avr/bin/../lib/gcc/avr/5.4.0/avr6/memx-const\libgcc.a(_divmodhi4.o)
 .stack.descriptors
                0x0000000000000000       0x19 c:/program files/microchip/xc8/v2.36/avr/bin/../lib/gcc/avr/5.4.0/avr6/memx-const\libgcc.a(_divmodhi4.o)
 .text.libgcc   0x0000000000000000        0x0 c:/program files/microchip/xc8/v2.36/avr/bin/../lib/gcc/avr/5.4.0/avr6/memx-const\libgcc.a(_divmodhi4.o)
 .text.libgcc.prologue
                0x0000000000000000        0x0 c:/program files/microchip/xc8/v2.36/avr/bin/../lib/gcc/avr/5.4.0/avr6/memx-const\libgcc.a(_divmodhi4.o)
 .text.libgcc.builtins
                0x0000000000000000        0x0 c:/program files/microchip/xc8/v2.36/avr/bin/../lib/gcc/avr/5.4.0/avr6/memx-const\libgcc.a(_divmodhi4.o)
 .text.libgcc.fmul
                0x0000000000000000        0x0 c:/program files/microchip/xc8/v2.36/avr/bin/../lib/gcc/avr/5.4.0/avr6/memx-const\libgcc.a(_divmodhi4.o)
 .text.libgcc.fixed
                0x0000000000000000        0x0 c:/program files/microchip/xc8/v2.36/avr/bin/../lib/gcc/avr/5.4.0/avr6/memx-const\libgcc.a(_divmodhi4.o)
 .text          0x0000000000000000        0x0 c:/program files/microchip/xc8/v2.36/avr/bin/../lib/gcc/avr/5.4.0/avr6/memx-const\libgcc.a(_copy_data.o)
 .data          0x0000000000000000        0x0 c:/program files/microchip/xc8/v2.36/avr/bin/../lib/gcc/avr/5.4.0/avr6/memx-const\libgcc.a(_copy_data.o)
 .bss           0x0000000000000000        0x0 c:/program files/microchip/xc8/v2.36/avr/bin/../lib/gcc/avr/5.4.0/avr6/memx-const\libgcc.a(_copy_data.o)
 .text.libgcc.mul
                0x0000000000000000        0x0 c:/program files/microchip/xc8/v2.36/avr/bin/../lib/gcc/avr/5.4.0/avr6/memx-const\libgcc.a(_copy_data.o)
 .text.libgcc.div
                0x0000000000000000        0x0 c:/program files/microchip/xc8/v2.36/avr/bin/../lib/gcc/avr/5.4.0/avr6/memx-const\libgcc.a(_copy_data.o)
 .text.libgcc   0x0000000000000000        0x0 c:/program files/microchip/xc8/v2.36/avr/bin/../lib/gcc/avr/5.4.0/avr6/memx-const\libgcc.a(_copy_data.o)
 .text.libgcc.prologue
                0x0000000000000000        0x0 c:/program files/microchip/xc8/v2.36/avr/bin/../lib/gcc/avr/5.4.0/avr6/memx-const\libgcc.a(_copy_data.o)
 .text.libgcc.builtins
                0x0000000000000000        0x0 c:/program files/microchip/xc8/v2.36/avr/bin/../lib/gcc/avr/5.4.0/avr6/memx-const\libgcc.a(_copy_data.o)
 .text.libgcc.fmul
                0x0000000000000000        0x0 c:/program files/microchip/xc8/v2.36/avr/bin/../lib/gcc/avr/5.4.0/avr6/memx-const\libgcc.a(_copy_data.o)
 .text.libgcc.fixed
                0x0000000000000000        0x0 c:/program files/microchip/xc8/v2.36/avr/bin/../lib/gcc/avr/5.4.0/avr6/memx-const\libgcc.a(_copy_data.o)
 .text          0x0000000000000000        0x0 c:/program files/microchip/xc8/v2.36/avr/bin/../lib/gcc/avr/5.4.0/avr6/memx-const\libgcc.a(_umulhisi3.o)
 .data          0x0000000000000000        0x0 c:/program files/microchip/xc8/v2.36/avr/bin/../lib/gcc/avr/5.4.0/avr6/memx-const\libgcc.a(_umulhisi3.o)
 .bss           0x0000000000000000        0x0 c:/program files/microchip/xc8/v2.36/avr/bin/../lib/gcc/avr/5.4.0/avr6/memx-const\libgcc.a(_umulhisi3.o)
 .stack.descriptors
                0x0000000000000000       0x19 c:/program files/microchip/xc8/v2.36/avr/bin/../lib/gcc/avr/5.4.0/avr6/memx-const\libgcc.a(_umulhisi3.o)
 .text.libgcc.div
                0x0000000000000000        0x0 c:/program files/microchip/xc8/v2.36/avr/bin/../lib/gcc/avr/5.4.0/avr6/memx-const\libgcc.a(_umulhisi3.o)
 .text.libgcc   0x0000000000000000        0x0 c:/program files/microchip/xc8/v2.36/avr/bin/../lib/gcc/avr/5.4.0/avr6/memx-const\libgcc.a(_umulhisi3.o)
 .text.libgcc.prologue
                0x0000000000000000        0x0 c:/program files/microchip/xc8/v2.36/avr/bin/../lib/gcc/avr/5.4.0/avr6/memx-const\libgcc.a(_umulhisi3.o)
 .text.libgcc.builtins
                0x0000000000000000        0x0 c:/program files/microchip/xc8/v2.36/avr/bin/../lib/gcc/avr/5.4.0/avr6/memx-const\libgcc.a(_umulhisi3.o)
 .text.libgcc.fmul
                0x0000000000000000        0x0 c:/program files/microchip/xc8/v2.36/avr/bin/../lib/gcc/avr/5.4.0/avr6/memx-const\libgcc.a(_umulhisi3.o)
 .text.libgcc.fixed
                0x0000000000000000        0x0 c:/program files/microchip/xc8/v2.36/avr/bin/../lib/gcc/avr/5.4.0/avr6/memx-const\libgcc.a(_umulhisi3.o)
 .text          0x0000000000000000        0x0 c:/program files/microchip/xc8/v2.36/avr/bin/../lib/gcc/avr/5.4.0/avr6/memx-const\libgcc.a(_udivmodhi4.o)
 .data          0x0000000000000000        0x0 c:/program files/microchip/xc8/v2.36/avr/bin/../lib/gcc/avr/5.4.0/avr6/memx-const\libgcc.a(_udivmodhi4.o)
 .bss           0x0000000000000000        0x0 c:/program files/microchip/xc8/v2.36/avr/bin/../lib/gcc/avr/5.4.0/avr6/memx-const\libgcc.a(_udivmodhi4.o)
 .text.libgcc.mul
                0x0000000000000000        0x0 c:/program files/microchip/xc8/v2.36/avr/bin/../lib/gcc/avr/5.4.0/avr6/memx-const\libgcc.a(_udivmodhi4.o)
 .stack.descriptors
                0x0000000000000000       0x1a c:/program files/microchip/xc8/v2.36/avr/bin/../lib/gcc/avr/5.4.0/avr6/memx-const\libgcc.a(_udivmodhi4.o)
 .text.libgcc   0x0000000000000000        0x0 c:/program files/microchip/xc8/v2.36/avr/bin/../lib/gcc/avr/5.4.0/avr6/memx-const\libgcc.a(_udivmodhi4.o)
 .text.libgcc.prologue
                0x0000000000000000        0x0 c:/program files/microchip/xc8/v2.36/avr/bin/../lib/gcc/avr/5.4.0/avr6/memx-const\libgcc.a(_udivmodhi4.o)
 .text.libgcc.builtins
                0x0000000000000000        0x0 c:/program files/microchip/xc8/v2.36/avr/bin/../lib/gcc/avr/5.4.0/avr6/memx-const\libgcc.a(_udivmodhi4.o)
 .text.libgcc.fmul
                0x0000000000000000        0x0 c:/program files/microchip/xc8/v2.36/avr/bin/../lib/gcc/avr/5.4.0/avr6/memx-const\libgcc.a(_udivmodhi4.o)
 .text.libgcc.fixed
                0x0000000000000000        0x0 c:/program files/microchip/xc8/v2.36/avr/bin/../lib/gcc/avr/5.4.0/avr6/memx-const\libgcc.a(_udivmodhi4.o)
 .text          0x0000000000000000        0x0 c:/program files/microchip/xc8/v2.36/avr/bin/../lib/gcc/avr/5.4.0/../../../../avr/lib/avr6/memx-const\libc.a(exit.o)
 .data          0x0000000000000000        0x0 c:/program files/microchip/xc8/v2.36/avr/bin/../lib/gcc/avr/5.4.0/../../../../avr/lib/avr6/memx-const\libc.a(exit.o)
 .bss           0x0000000000000000        0x0 c:/program files/microchip/xc8/v2.36/avr/bin/../lib/gcc/avr/5.4.0/../../../../avr/lib/avr6/memx-const\libc.a(exit.o)
 .text          0x0000000000000000        0x0 c:/program files/microchip/xc8/v2.36/avr/bin/../lib/gcc/avr/5.4.0/../../../../avr/lib/avr6/memx-const\libc.a(_Exit.o)
 .data          0x0000000000000000        0x0 c:/program files/microchip/xc8/v2.36/avr/bin/../lib/gcc/avr/5.4.0/../../../../avr/lib/avr6/memx-const\libc.a(_Exit.o)
 .bss           0x0000000000000000        0x0 c:/program files/microchip/xc8/v2.36/avr/bin/../lib/gcc/avr/5.4.0/../../../../avr/lib/avr6/memx-const\libc.a(_Exit.o)
 .text          0x0000000000000000        0x0 c:/program files/microchip/xc8/v2.36/avr/bin/../lib/gcc/avr/5.4.0/avr6/memx-const\libgcc.a(_exit.o)
 .data          0x0000000000000000        0x0 c:/program files/microchip/xc8/v2.36/avr/bin/../lib/gcc/avr/5.4.0/avr6/memx-const\libgcc.a(_exit.o)
 .bss           0x0000000000000000        0x0 c:/program files/microchip/xc8/v2.36/avr/bin/../lib/gcc/avr/5.4.0/avr6/memx-const\libgcc.a(_exit.o)
 .text.libgcc.mul
                0x0000000000000000        0x0 c:/program files/microchip/xc8/v2.36/avr/bin/../lib/gcc/avr/5.4.0/avr6/memx-const\libgcc.a(_exit.o)
 .text.libgcc.div
                0x0000000000000000        0x0 c:/program files/microchip/xc8/v2.36/avr/bin/../lib/gcc/avr/5.4.0/avr6/memx-const\libgcc.a(_exit.o)
 .text.libgcc   0x0000000000000000        0x0 c:/program files/microchip/xc8/v2.36/avr/bin/../lib/gcc/avr/5.4.0/avr6/memx-const\libgcc.a(_exit.o)
 .text.libgcc.prologue
                0x0000000000000000        0x0 c:/program files/microchip/xc8/v2.36/avr/bin/../lib/gcc/avr/5.4.0/avr6/memx-const\libgcc.a(_exit.o)
 .stack.descriptors
                0x0000000000000000       0x13 c:/program files/microchip/xc8/v2.36/avr/bin/../lib/gcc/avr/5.4.0/avr6/memx-const\libgcc.a(_exit.o)
 .text.libgcc.builtins
                0x0000000000000000        0x0 c:/program files/microchip/xc8/v2.36/avr/bin/../lib/gcc/avr/5.4.0/avr6/memx-const\libgcc.a(_exit.o)
 .text.libgcc.fmul
                0x0000000000000000        0x0 c:/program files/microchip/xc8/v2.36/avr/bin/../lib/gcc/avr/5.4.0/avr6/memx-const\libgcc.a(_exit.o)
 .text.libgcc.fixed
                0x0000000000000000        0x0 c:/program files/microchip/xc8/v2.36/avr/bin/../lib/gcc/avr/5.4.0/avr6/memx-const\libgcc.a(_exit.o)

Memory Configuration

Name             Origin             Length             Attributes
text             0x0000000000000000 0x0000000000040000 xr
data             0x0000000000800200 0x0000000000002000 rw !x
eeprom           0x0000000000810000 0x0000000000001000 rw !x
fuse             0x0000000000820000 0x0000000000000003 rw !x
lock             0x0000000000830000 0x0000000000000400 rw !x
signature        0x0000000000840000 0x0000000000000400 rw !x
user_signatures  0x0000000000850000 0x0000000000000400 rw !x
*default*        0x0000000000000000 0xffffffffffffffff

Linker script and memory map

Address of section .data set to 0x800200
LOAD C:/Program Files/Microchip/xc8/v2.36/dfp/xc8/avr/lib/avr6/memx-const/crtatmega2560.o
LOAD lcd.o
LOAD main.o
START GROUP
LOAD c:/program files/microchip/xc8/v2.36/avr/bin/../lib/gcc/avr/5.4.0/../../../../avr/lib/avr6/memx-const\libm.a
END GROUP
START GROUP
LOAD c:/program files/microchip/xc8/v2.36/avr/bin/../lib/gcc/avr/5.4.0/avr6/memx-const\libgcc.a
LOAD c:/program files/microchip/xc8/v2.36/avr/bin/../lib/gcc/avr/5.4.0/../../../../avr/lib/avr6/memx-const\libm.a
LOAD c:/program files/microchip/xc8/v2.36/avr/bin/../lib/gcc/avr/5.4.0/../../../../avr/lib/avr6/memx-const\libc.a
LOAD C:/Program Files/Microchip/xc8/v2.36/dfp/xc8/avr/lib/avr6/memx-const\libatmega2560.a
END GROUP
                0x0000000000000000                __TEXT_REGION_ORIGIN__ = DEFINED (__TEXT_REGION_ORIGIN__)?__TEXT_REGION_ORIGIN__:0x0
                [0x0000000000800200]                __DATA_REGION_ORIGIN__ = DEFINED (__DATA_REGION_ORIGIN__)?__DATA_REGION_ORIGIN__:0x800200
                [0x0000000000040000]                __TEXT_REGION_LENGTH__ = DEFINED (__TEXT_REGION_LENGTH__)?__TEXT_REGION_LENGTH__:0x100000
                [0x0000000000002000]                __DATA_REGION_LENGTH__ = DEFINED (__DATA_REGION_LENGTH__)?__DATA_REGION_LENGTH__:0xfe00
                [0x0000000000001000]                __EEPROM_REGION_LENGTH__ = DEFINED (__EEPROM_REGION_LENGTH__)?__EEPROM_REGION_LENGTH__:0x10000
                [0x0000000000000003]                __FUSE_REGION_LENGTH__ = DEFINED (__FUSE_REGION_LENGTH__)?__FUSE_REGION_LENGTH__:0x400
                0x0000000000000400                __LOCK_REGION_LENGTH__ = DEFINED (__LOCK_REGION_LENGTH__)?__LOCK_REGION_LENGTH__:0x400
                0x0000000000000400                __SIGNATURE_REGION_LENGTH__ = DEFINED (__SIGNATURE_REGION_LENGTH__)?__SIGNATURE_REGION_LENGTH__:0x400
                0x0000000000000400                __USER_SIGNATURE_REGION_LENGTH__ = DEFINED (__USER_SIGNATURE_REGION_LENGTH__)?__USER_SIGNATURE_REGION_LENGTH__:0x400

.hash
 *(.hash)

.dynsym
 *(.dynsym)

.dynstr
 *(.dynstr)

.gnu.version
 *(.gnu.version)

.gnu.version_d
 *(.gnu.version_d)

.gnu.version_r
 *(.gnu.version_r)

.rel.init
 *(.rel.init)

.rela.init
 *(.rela.init)

.rel.text
 *(.rel.text)
 *(.rel.text.*)
 *(.rel.gnu.linkonce.t*)

.rela.text
 *(.rela.text)
 *(.rela.text.*)
 *(.rela.gnu.linkonce.t*)

.rel.fini
 *(.rel.fini)

.rela.fini
 *(.rela.fini)

.rel.rodata
 *(.rel.rodata)
 *(.rel.rodata.*)
 *(.rel.gnu.linkonce.r*)

.rela.rodata
 *(.rela.rodata)
 *(.rela.rodata.*)
 *(.rela.gnu.linkonce.r*)

.rel.data
 *(.rel.data)
 *(.rel.data.*)
 *(.rel.gnu.linkonce.d*)

.rela.data
 *(.rela.data)
 *(.rela.data.*)
 *(.rela.gnu.linkonce.d*)

.rel.ctors
 *(.rel.ctors)

.rela.ctors
 *(.rela.ctors)

.rel.dtors
 *(.rel.dtors)

.rela.dtors
 *(.rela.dtors)

.rel.got
 *(.rel.got)

.rela.got
 *(.rela.got)

.rel.bss
 *(.rel.bss)

.rela.bss
 *(.rela.bss)

.rel.plt
 *(.rel.plt)

.rela.plt
 *(.rela.plt)

.text           0x0000000000000000      0x146
 *(.vectors)
 .vectors       0x0000000000000000       0xe4 C:/Program Files/Microchip/xc8/v2.36/dfp/xc8/avr/lib/avr6/memx-const/crtatmega2560.o
                0x0000000000000000                __vector_default
                0x0000000000000000                __vectors
 *(.vectors)
 *(.progmem.gcc*)
 *(.dinit)
 .dinit         0x00000000000000e4        0x5 data_init
                0x00000000000000ea                . = ALIGN (0x2)
 *fill*         0x00000000000000e9        0x1 
                0x00000000000000ea                __trampolines_start = .
 *(.trampolines)
 .trampolines   0x00000000000000ea        0x0 linker stubs
 *(.trampolines*)
                0x00000000000000ea                __trampolines_end = .
 *libprintf_flt.a:*(.progmem.data)
 *libc.a:*(.progmem.data)
                0x00000000000000ea                . = ALIGN (0x2)
 *(.jumptables)
 *(.jumptables*)
 *(.lowtext)
 *(.lowtext*)
                0x00000000000000ea                __ctors_start = .
 *(.ctors)
                0x00000000000000ea                __ctors_end = .
                0x00000000000000ea                __dtors_start = .
 *(.dtors)
                0x00000000000000ea                __dtors_end = .
 SORT(*)(.ctors)
 SORT(*)(.dtors)
 *(.init0)
 .init0         0x00000000000000ea        0x0 C:/Program Files/Microchip/xc8/v2.36/dfp/xc8/avr/lib/avr6/memx-const/crtatmega2560.o
                0x00000000000000ea                __init
 *(.init0)
 *(.init1)
 *(.init1)
 *(.init2)
 .init2         0x00000000000000ea       0x10 C:/Program Files/Microchip/xc8/v2.36/dfp/xc8/avr/lib/avr6/memx-const/crtatmega2560.o
 *(.init2)
 *(.init3)
 *(.init3)
 *(.init4)
 .init4         0x00000000000000fa       0x40 c:/program files/microchip/xc8/v2.36/avr/bin/../lib/gcc/avr/5.4.0/avr6/memx-const\libgcc.a(_copy_data.o)
                0x00000000000000fa                __do_copy_data
                0x000000000000012c                __do_clear_bss
 *(.init4)
 *(.init5)
 *(.init5)
 *(.init6)
 *(.init6)
 *(.init7)
 *(.init7)
 *(.init8)
 *(.init8)
 *(.init9)
 .init9         0x000000000000013a        0x8 C:/Program Files/Microchip/xc8/v2.36/dfp/xc8/avr/lib/avr6/memx-const/crtatmega2560.o
 *(.init9)
                0x0000000000000142                . = ALIGN (0x2)
 *(.fini9)
 .fini9         0x0000000000000142        0x0 c:/program files/microchip/xc8/v2.36/avr/bin/../lib/gcc/avr/5.4.0/avr6/memx-const\libgcc.a(_exit.o)
                0x0000000000000142                _exit
 *(.fini9)
 *(.fini8)
 *(.fini8)
 *(.fini7)
 *(.fini7)
 *(.fini6)
 *(.fini6)
 *(.fini5)
 *(.fini5)
 *(.fini4)
 *(.fini4)
 *(.fini3)
 *(.fini3)
 *(.fini2)
 *(.fini2)
 *(.fini1)
 *(.fini1)
 *(.fini0)
 .fini0         0x0000000000000142        0x4 c:/program files/microchip/xc8/v2.36/avr/bin/../lib/gcc/avr/5.4.0/avr6/memx-const\libgcc.a(_exit.o)
 *(.fini0)
                0x0000000000000146                _etext = .

.data           0x0000000000800200        0x0 load address 0x0000000000000146
                [!provide]                        PROVIDE (__data_start, .)
 *(.gnu.linkonce.d*)
 *(.gnu.linkonce.r*)
                0x0000000000800200                . = ALIGN (0x2)
                0x0000000000800200                _edata = .
                [!provide]                        PROVIDE (__data_end, .)

.bss            0x0000000000800200        0xc
                [!provide]                        PROVIDE (__bss_start, .)
 *(COMMON)
 COMMON         0x0000000000800200        0xc lcd.o
                0x0000000000800200                million
                0x0000000000800202                temp
                0x0000000000800204                tens
                0x0000000000800206                hundred
                0x0000000000800208                unit
                0x000000000080020a                thousand
                [!provide]                        PROVIDE (__bss_end, .)
                0x0000000000000146                __data_load_start = LOADADDR (.data)
                0x0000000000000146                __data_load_end = (__data_load_start + SIZEOF (.data))

.noinit         0x000000000080020c        0x0
                [!provide]                        PROVIDE (__noinit_start, .)
 *(.noinit*)
                [!provide]                        PROVIDE (__noinit_end, .)
                0x000000000080020c                _end = .

.eeprom         0x0000000000810000        0x0
 *(.eeprom*)
                0x0000000000810000                __eeprom_end = .

.fuse
 *(.fuse)
 *(.lfuse)
 *(.hfuse)
 *(.efuse)

.lock
 *(.lock*)

.signature
 *(.signature*)

.user_signatures
 *(.user_signatures*)

.stab
 *(.stab)

.stabstr
 *(.stabstr)

.stab.excl
 *(.stab.excl)

.stab.exclstr
 *(.stab.exclstr)

.stab.index
 *(.stab.index)

.stab.indexstr
 *(.stab.indexstr)

.comment        0x0000000000000000       0x2f
 *(.comment)
 .comment       0x0000000000000000       0x2f lcd.o
                                         0x30 (size before relaxing)
 .comment       0x000000000000002f       0x30 main.o
 .comment       0x000000000000002f       0x30 c:/program files/microchip/xc8/v2.36/avr/bin/../lib/gcc/avr/5.4.0/../../../../avr/lib/avr6/memx-const\libc.a(exit.o)
 .comment       0x000000000000002f       0x30 c:/program files/microchip/xc8/v2.36/avr/bin/../lib/gcc/avr/5.4.0/../../../../avr/lib/avr6/memx-const\libc.a(_Exit.o)

.stack.descriptors.hdr
                0x0000000000000000       0x38
 .stack.descriptors.hdr
                0x0000000000000000        0xe c:/program files/microchip/xc8/v2.36/avr/bin/../lib/gcc/avr/5.4.0/avr6/memx-const\libgcc.a(_divmodhi4.o)
 .stack.descriptors.hdr
                0x000000000000000e        0xe c:/program files/microchip/xc8/v2.36/avr/bin/../lib/gcc/avr/5.4.0/avr6/memx-const\libgcc.a(_umulhisi3.o)
 .stack.descriptors.hdr
                0x000000000000001c        0xe c:/program files/microchip/xc8/v2.36/avr/bin/../lib/gcc/avr/5.4.0/avr6/memx-const\libgcc.a(_udivmodhi4.o)
 .stack.descriptors.hdr
                0x000000000000002a        0xe c:/program files/microchip/xc8/v2.36/avr/bin/../lib/gcc/avr/5.4.0/avr6/memx-const\libgcc.a(_exit.o)

.note.GNU-stack
                0x0000000000000000        0x0
 .note.GNU-stack
                0x0000000000000000        0x0 c:/program files/microchip/xc8/v2.36/avr/bin/../lib/gcc/avr/5.4.0/../../../../avr/lib/avr6/memx-const\libc.a(exit.o)
 .note.GNU-stack
                0x0000000000000000        0x0 c:/program files/microchip/xc8/v2.36/avr/bin/../lib/gcc/avr/5.4.0/../../../../avr/lib/avr6/memx-const\libc.a(_Exit.o)

.note.gnu.build-id
 *(.note.gnu.build-id)

.debug
 *(.debug)

.line
 *(.line)

.debug_srcinfo
 *(.debug_srcinfo)

.debug_sfnames
 *(.debug_sfnames)

.debug_aranges  0x0000000000000000      0x100
 *(.debug_aranges)
 .debug_aranges
                0x0000000000000000       0x68 lcd.o
 .debug_aranges
                0x0000000000000068       0x98 main.o

.debug_pubnames
 *(.debug_pubnames)

.debug_info     0x0000000000000000     0x1c68
 *(.debug_info .gnu.linkonce.wi.*)
 .debug_info    0x0000000000000000      0xbbc C:/Program Files/Microchip/xc8/v2.36/dfp/xc8/avr/lib/avr6/memx-const/crtatmega2560.o
 .debug_info    0x0000000000000bbc      0xab1 lcd.o
 .debug_info    0x000000000000166d      0x5fb main.o

.debug_abbrev   0x0000000000000000      0xdfd
 *(.debug_abbrev)
 .debug_abbrev  0x0000000000000000      0xb1a C:/Program Files/Microchip/xc8/v2.36/dfp/xc8/avr/lib/avr6/memx-const/crtatmega2560.o
 .debug_abbrev  0x0000000000000b1a      0x195 lcd.o
 .debug_abbrev  0x0000000000000caf      0x14e main.o

.debug_line     0x0000000000000000      0x98a
 *(.debug_line .debug_line.* .debug_line_end)
 .debug_line    0x0000000000000000      0x1fd C:/Program Files/Microchip/xc8/v2.36/dfp/xc8/avr/lib/avr6/memx-const/crtatmega2560.o
 .debug_line    0x00000000000001fd      0x4ca lcd.o
 .debug_line    0x00000000000006c7      0x2c3 main.o

.debug_frame    0x0000000000000000      0x214
 *(.debug_frame)
 .debug_frame   0x0000000000000000      0x100 lcd.o
 .debug_frame   0x0000000000000100      0x114 main.o

.debug_str      0x0000000000000000      0x421
 *(.debug_str)
 .debug_str     0x0000000000000000      0x3e6 C:/Program Files/Microchip/xc8/v2.36/dfp/xc8/avr/lib/avr6/memx-const/crtatmega2560.o
 .debug_str     0x00000000000003e6        0x7 lcd.o
 .debug_str     0x00000000000003ed       0x34 main.o

.debug_loc      0x0000000000000000      0x98d
 *(.debug_loc)
 .debug_loc     0x0000000000000000      0x935 lcd.o
 .debug_loc     0x0000000000000935       0x58 main.o

.debug_macinfo
 *(.debug_macinfo)

.debug_weaknames
 *(.debug_weaknames)

.debug_funcnames
 *(.debug_funcnames)

.debug_typenames
 *(.debug_typenames)

.debug_varnames
 *(.debug_varnames)

.debug_pubtypes
 *(.debug_pubtypes)

.debug_ranges   0x0000000000000000       0xe0
 *(.debug_ranges)
 .debug_ranges  0x0000000000000000       0x58 lcd.o
 .debug_ranges  0x0000000000000058       0x88 main.o

.debug_macro
 *(.debug_macro)
OUTPUT(Exp5-VelocityPWM.elf elf32-avr)
LOAD linker stubs
LOAD data_init

.note.gnu.avr.deviceinfo
                0x0000000000000000       0x40
 .note.gnu.avr.deviceinfo
                0x0000000000000000       0x40 C:/Program Files/Microchip/xc8/v2.36/dfp/xc8/avr/lib/avr6/memx-const/crtatmega2560.o

.text.lcd_numeric_value
                0x0000000000000146      0x212
 .text.lcd_numeric_value
                0x0000000000000146      0x212 lcd.o
                0x0000000000000146                lcd_numeric_value

.text.lcd_set_4bit
                0x0000000000000358       0xc6
 .text.lcd_set_4bit
                0x0000000000000358       0xc6 lcd.o
                0x0000000000000358                lcd_set_4bit

.text.lcd_wr_char
                0x000000000000041e       0x74
 .text.lcd_wr_char
                0x000000000000041e       0x74 lcd.o
                0x000000000000041e                lcd_wr_char

.text.lcd_wr_command
                0x0000000000000492       0x6a
 .text.lcd_wr_command
                0x0000000000000492       0x6a lcd.o
                0x0000000000000492                lcd_wr_command

.text.main      0x00000000000004fc       0x66
 .text.main     0x00000000000004fc       0x66 main.o
                0x00000000000004fc                main

.text.lcd_cursor
                0x0000000000000562       0x3e
 .text.lcd_cursor
                0x0000000000000562       0x3e lcd.o
                0x0000000000000562                lcd_cursor

.text.timer5_init
                0x00000000000005a0       0x36
 .text.timer5_init
                0x00000000000005a0       0x36 main.o
                0x00000000000005a0                timer5_init

.text.lcd_init  0x00000000000005d6       0x2e
 .text.lcd_init
                0x00000000000005d6       0x2e lcd.o
                0x00000000000005d6                lcd_init

.text.lcd_string
                0x0000000000000604       0x2c
 .text.lcd_string
                0x0000000000000604       0x2c lcd.o
                0x0000000000000604                lcd_string

.text.libgcc.div
                0x0000000000000630       0x28
 .text.libgcc.div
                0x0000000000000630       0x28 c:/program files/microchip/xc8/v2.36/avr/bin/../lib/gcc/avr/5.4.0/avr6/memx-const\libgcc.a(_divmodhi4.o)
                0x0000000000000630                _div
                0x0000000000000630                __divmodhi4

.text.libgcc.div
                0x0000000000000658       0x28
 .text.libgcc.div
                0x0000000000000658       0x28 c:/program files/microchip/xc8/v2.36/avr/bin/../lib/gcc/avr/5.4.0/avr6/memx-const\libgcc.a(_udivmodhi4.o)
                0x0000000000000658                __udivmodhi4

.text.motion_pin_config
                0x0000000000000680       0x22
 .text.motion_pin_config
                0x0000000000000680       0x22 main.o
                0x0000000000000680                motion_pin_config

.text.libgcc.mul
                0x00000000000006a2       0x1e
 .text.libgcc.mul
                0x00000000000006a2       0x1e c:/program files/microchip/xc8/v2.36/avr/bin/../lib/gcc/avr/5.4.0/avr6/memx-const\libgcc.a(_umulhisi3.o)
                0x00000000000006a2                __umulhisi3

.text.exit      0x00000000000006c0       0x16
 .text.exit     0x00000000000006c0       0x16 c:/program files/microchip/xc8/v2.36/avr/bin/../lib/gcc/avr/5.4.0/../../../../avr/lib/avr6/memx-const\libc.a(exit.o)
                0x00000000000006c0                exit

.text.lcd_port_config
                0x00000000000006d6        0xe
 .text.lcd_port_config
                0x00000000000006d6        0xe lcd.o
                0x00000000000006d6                lcd_port_config

.text.init_devices
                0x00000000000006e4        0xe
 .text.init_devices
                0x00000000000006e4        0xe main.o
                0x00000000000006e4                init_devices

.text.velocity  0x00000000000006f2        0xa
 .text.velocity
                0x00000000000006f2        0xa main.o
                0x00000000000006f2                velocity

.text.lcd_home  0x00000000000006fc        0x8
 .text.lcd_home
                0x00000000000006fc        0x8 lcd.o
                0x00000000000006fc                lcd_home

.text.init_ports
                0x0000000000000704        0x6
 .text.init_ports
                0x0000000000000704        0x6 main.o
                0x0000000000000704                init_ports

.text           0x000000000000070a        0x4
 .text          0x000000000000070a        0x4 C:/Program Files/Microchip/xc8/v2.36/dfp/xc8/avr/lib/avr6/memx-const/crtatmega2560.o
                0x000000000000070a                __vector_38
                0x000000000000070a                __vector_22
                0x000000000000070a                __vector_28
                0x000000000000070a                __vector_1
                0x000000000000070a                __vector_32
                0x000000000000070a                __vector_34
                0x000000000000070a                __vector_24
                0x000000000000070a                __vector_12
                0x000000000000070a                __vector_55
                0x000000000000070a                __vector_46
                0x000000000000070a                __bad_interrupt
                0x000000000000070a                __vector_6
                0x000000000000070a                __vector_31
                0x000000000000070a                __vector_35
                0x000000000000070a                __vector_39
                0x000000000000070a                __vector_3
                0x000000000000070a                __vector_23
                0x000000000000070a                __vector_30
                0x000000000000070a                __vector_45
                0x000000000000070a                __vector_25
                0x000000000000070a                __vector_11
                0x000000000000070a                __vector_54
                0x000000000000070a                __vector_13
                0x000000000000070a                __vector_17
                0x000000000000070a                __vector_19
                0x000000000000070a                __vector_56
                0x000000000000070a                __vector_7
                0x000000000000070a                __vector_49
                0x000000000000070a                __vector_41
                0x000000000000070a                __vector_43
                0x000000000000070a                __vector_27
                0x000000000000070a                __vector_5
                0x000000000000070a                __vector_33
                0x000000000000070a                __vector_47
                0x000000000000070a                __vector_52
                0x000000000000070a                __vector_37
                0x000000000000070a                __vector_4
                0x000000000000070a                __vector_44
                0x000000000000070a                __vector_51
                0x000000000000070a                __vector_9
                0x000000000000070a                __vector_2
                0x000000000000070a                __vector_21
                0x000000000000070a                __vector_15
                0x000000000000070a                __vector_36
                0x000000000000070a                __vector_29
                0x000000000000070a                __vector_40
                0x000000000000070a                __vector_8
                0x000000000000070a                __vector_26
                0x000000000000070a                __vector_48
                0x000000000000070a                __vector_14
                0x000000000000070a                __vector_53
                0x000000000000070a                __vector_10
                0x000000000000070a                __vector_50
                0x000000000000070a                __vector_16
                0x000000000000070a                __vector_18
                0x000000000000070a                __vector_20
                0x000000000000070a                __vector_42

.text._Exit     0x000000000000070e        0x4
 .text._Exit    0x000000000000070e        0x4 c:/program files/microchip/xc8/v2.36/avr/bin/../lib/gcc/avr/5.4.0/../../../../avr/lib/avr6/memx-const\libc.a(_Exit.o)
                0x000000000000070e                _Exit

.text.__dummy_fini
                0x0000000000000712        0x2
 .text.__dummy_fini
                0x0000000000000712        0x2 c:/program files/microchip/xc8/v2.36/avr/bin/../lib/gcc/avr/5.4.0/../../../../avr/lib/avr6/memx-const\libc.a(exit.o)
                0x0000000000000712                _fini

.text.__dummy_funcs_on_exit
                0x0000000000000714        0x2
 .text.__dummy_funcs_on_exit
                0x0000000000000714        0x2 c:/program files/microchip/xc8/v2.36/avr/bin/../lib/gcc/avr/5.4.0/../../../../avr/lib/avr6/memx-const\libc.a(exit.o)
                0x0000000000000714                __funcs_on_exit

.text.__dummy_simulator_exit
                0x0000000000000716        0x2
 .text.__dummy_simulator_exit
                0x0000000000000716        0x2 c:/program files/microchip/xc8/v2.36/avr/bin/../lib/gcc/avr/5.4.0/../../../../avr/lib/avr6/memx-const\libc.a(exit.o)
                0x0000000000000716                __simulator_exit
